
============================================================
  测试股票: 腾讯控股 (00700)
============================================================

📊 数据概览:
   数据范围: 2004-06-16 ~ 2026-03-06
   数据条数: 5340
   当前价格: 519.00

📈 全局最高点:
   价格: 692.53
   日期: 2021-02-18

📉 全局最低点:
   价格: 0.57
   日期: 2004-07-26

📊 最近2年数据:
   范围: 2024-03-12 ~ 2026-03-06
   条数: 487

   2年最高: 683.00 (2025-10-02)
   2年最低: 274.81 (2024-03-15)

🎯 find_cycle_high() 结果:
   本轮高点: 683.00 (2025-10-02)
   前次低谷: 368.38 (2025-01-13)

   当前价格: 519.00
   距本轮高点回撤: 24.0%

📊 对比 - 简单52周高点:
   52周最高: 683.00
   距52周高点回撤: 24.0%
   ✅ 两种方法结果一致

📋 近30天价格走势（采样）:
   2026-01-21  开:  598.00  高:  606.00  低:  598.00  收:  602.50
   2026-01-28  开:  613.00  高:  623.00  低:  610.50  收:  621.00
   2026-02-04  开:  572.00  高:  574.50  低:  558.00  收:  558.00
   2026-02-11  开:  543.00  高:  550.50  低:  543.00  收:  548.00
   2026-02-23  开:  529.00  高:  543.00  低:  528.00  收:  538.00
   2026-03-02  开:  511.50  高:  520.00  低:  507.00  收:  514.00
   2026-03-06  开:  504.00  高:  522.00  低:  502.00  收:  519.00  ← 最新
